F                                                                        [100%]
=================================== FAILURES ===================================
______ test_five_real_metadata_proposals_keep_raw_history_without_grades _______

tmp_path = PosixPath('/private/var/folders/qm/w0dtc0j132gd6ymf1hxtd2p00000gp/T/pytest-of-teacher/pytest-1151/test_five_real_metadata_propos0')

    def test_five_real_metadata_proposals_keep_raw_history_without_grades(tmp_path):
        from pathlib import Path
    
        fixture = Path(__file__).parent / "fixtures/adjudicator-retro-metadata-proposals.json"
        rows = json.loads(fixture.read_text())
        raw = json.loads(json.dumps(rows))
        report = retro._persist_report(tmp_path / "retro.json", rows, 122)
        assert len(rows) == 5
        for current, original in zip(report["rows"], raw):
            assert current["proposal"] == original["proposal"]
            assert current["decision"] == original["decision"]
            assert current["backend_run_id"] == original["backend_run_id"]
>           assert current["disposition"] == "needs_more_evidence"
E           AssertionError: assert 'reject_blocker' == 'needs_more_evidence'
E             
E             - needs_more_evidence
E             + reject_blocker

tests/test_adjudicator_retro.py:348: AssertionError
=========================== short test summary info ============================
FAILED tests/test_adjudicator_retro.py::test_five_real_metadata_proposals_keep_raw_history_without_grades
1 failed in 2.00s
